/Users/jeremy/Projects/STM/UOSM-Dashboard-MCU-F769NI/Middlewares/Third_Party/LibJPEG/source/jcdctmgr.c:65:1:forward_DCT	296	static
/Users/jeremy/Projects/STM/UOSM-Dashboard-MCU-F769NI/Middlewares/Third_Party/LibJPEG/source/jcdctmgr.c:128:1:forward_DCT_float	304	static
/Users/jeremy/Projects/STM/UOSM-Dashboard-MCU-F769NI/Middlewares/Third_Party/LibJPEG/source/jcdctmgr.c:180:1:start_pass_fdctmgr	48	static
/Users/jeremy/Projects/STM/UOSM-Dashboard-MCU-F769NI/Middlewares/Third_Party/LibJPEG/source/jcdctmgr.c:464:1:jinit_forward_dct	8	static
