../UOSM-Core-MCU-L432/Modules/InternalCommsModule.c:102:17:IComms_Init	16	static
../UOSM-Core-MCU-L432/Modules/InternalCommsModule.c:108:17:IComms_Transmit	24	static
../UOSM-Core-MCU-L432/Modules/InternalCommsModule.c:112:17:IComms_ReceiveNextMessage	32	static
../UOSM-Core-MCU-L432/Modules/InternalCommsModule.c:122:16:IComms_HasRxMessage	8	static
../UOSM-Core-MCU-L432/Modules/InternalCommsModule.c:132:13:IComms_Update	72	static
../UOSM-Core-MCU-L432/Modules/InternalCommsModule.c:151:24:IComms_CreateMessage	40	static
../UOSM-Core-MCU-L432/Modules/InternalCommsModule.c:161:24:IComms_CreatePercentageMessage	24	static
../UOSM-Core-MCU-L432/Modules/InternalCommsModule.c:169:24:IComms_CreateUint32BitMessage	32	static
../UOSM-Core-MCU-L432/Modules/InternalCommsModule.c:179:24:IComms_CreateInt32BitMessage	32	static
../UOSM-Core-MCU-L432/Modules/InternalCommsModule.c:189:24:IComms_CreateErrorMessage	24	static
../UOSM-Core-MCU-L432/Modules/InternalCommsModule.c:197:24:IComms_CreateEventMessage	24	static
../UOSM-Core-MCU-L432/Modules/InternalCommsModule.c:205:13:IComms_PeriodicReceive	24	static
../UOSM-Core-MCU-L432/Modules/InternalCommsModule.c:244:6:Heap_InitHeap	16	static
../UOSM-Core-MCU-L432/Modules/InternalCommsModule.c:246:6:Swap	32	static
../UOSM-Core-MCU-L432/Modules/InternalCommsModule.c:253:6:HeapifyMin	32	static
../UOSM-Core-MCU-L432/Modules/InternalCommsModule.c:270:6:Heap_Add	24	static
../UOSM-Core-MCU-L432/Modules/InternalCommsModule.c:284:12:Heap_RemoveMin	72	static
../UOSM-Core-MCU-L432/Modules/InternalCommsModule.c:298:9:Heap_GetHeapSize	16	static
