/Users/jeremy/Projects/STM/UOSM-Dashboard-MCU-F769NI/TouchGFX/target/TouchGFXGPIO.cpp:77:6:static void touchgfx::GPIO::set(touchgfx::GPIO::GPIO_ID)	0	static
/Users/jeremy/Projects/STM/UOSM-Dashboard-MCU-F769NI/TouchGFX/target/TouchGFXGPIO.cpp:107:6:static void touchgfx::GPIO::clear(touchgfx::GPIO::GPIO_ID)	0	static
/Users/jeremy/Projects/STM/UOSM-Dashboard-MCU-F769NI/TouchGFX/target/TouchGFXGPIO.cpp:137:6:static void touchgfx::GPIO::toggle(touchgfx::GPIO::GPIO_ID)	0	static
/Users/jeremy/Projects/STM/UOSM-Dashboard-MCU-F769NI/TouchGFX/target/TouchGFXGPIO.cpp:167:6:static bool touchgfx::GPIO::get(touchgfx::GPIO::GPIO_ID)	8	static
/Users/jeremy/Projects/STM/UOSM-Dashboard-MCU-F769NI/TouchGFX/target/TouchGFXGPIO.cpp:60:6:static void touchgfx::GPIO::init()	16	static
