../Core/Src/main.c:155:5:main	8	static
../Core/Src/main.c:254:6:SystemClock_Config	88	static
../Core/Src/main.c:308:13:MX_CRC_Init	8	static
../Core/Src/main.c:339:13:MX_DMA2D_Init	8	static
../Core/Src/main.c:378:13:MX_DSIHOST_DSI_Init	176	static
../Core/Src/main.c:493:6:MX_I2C4_Init	8	static
../Core/Src/main.c:541:13:MX_JPEG_Init	8	static
../Core/Src/main.c:567:13:MX_LTDC_Init	120	static
../Core/Src/main.c:670:13:MX_QUADSPI_Init	8	static
../Core/Src/main.c:739:13:MX_SPI1_Init	8	static
../Core/Src/main.c:777:13:MX_DMA_Init	16	static
../Core/Src/main.c:794:13:MX_FMC_Init	56	static
../Core/Src/main.c:852:13:MX_GPIO_Init	64	static
../Core/Src/main.c:937:13:BSP_SDRAM_Initialization_Sequence	24	static
../Core/Src/main.c:998:16:QSPI_ResetMemory	104	static
../Core/Src/main.c:1158:16:QSPI_EnterMemory_QPI	96	static
../Core/Src/main.c:1206:16:QSPI_EnterFourBytesAddress	72	static
../Core/Src/main.c:1247:16:QSPI_DummyCyclesCfg	88	static,ignoring_inline_asm
../Core/Src/main.c:1344:16:QSPI_OutDrvStrengthCfg	88	static,ignoring_inline_asm
../Core/Src/main.c:1438:16:QSPI_WriteEnable	96	static
../Core/Src/main.c:1484:16:QSPI_AutoPollingMemReady	96	static
../Core/Src/main.c:1519:16:BSP_QSPI_EnableMemoryMappedMode	80	static
../Core/Src/main.c:1557:6:StartDefaultTask	16	static
../Core/Src/main.c:1569:6:MPU_Config	24	static
../Core/Src/main.c:1646:6:HAL_TIM_PeriodElapsedCallback	16	static
../Core/Src/main.c:1663:6:Error_Handler	4	static
