../Core/Src/main.c:122:5:main	8	static
../Core/Src/main.c:219:6:SystemClock_Config	88	static
../Core/Src/main.c:273:13:MX_CRC_Init	8	static
../Core/Src/main.c:304:13:MX_DMA2D_Init	8	static
../Core/Src/main.c:343:13:MX_DSIHOST_DSI_Init	176	static
../Core/Src/main.c:452:13:MX_I2C4_Init	8	static
../Core/Src/main.c:500:13:MX_JPEG_Init	8	static
../Core/Src/main.c:526:13:MX_LTDC_Init	64	static
../Core/Src/main.c:588:13:MX_QUADSPI_Init	8	static
../Core/Src/main.c:623:13:MX_SPI1_Init	8	static
../Core/Src/main.c:661:13:MX_DMA_Init	16	static
../Core/Src/main.c:678:13:MX_FMC_Init	40	static
../Core/Src/main.c:729:13:MX_GPIO_Init	48	static
../Core/Src/main.c:760:6:StartDefaultTask	16	static
../Core/Src/main.c:779:6:HAL_TIM_PeriodElapsedCallback	16	static
../Core/Src/main.c:796:6:Error_Handler	4	static,ignoring_inline_asm
