../Core/Src/main.c:159:5:main	8	static
../Core/Src/main.c:259:6:SystemClock_Config	88	static
../Core/Src/main.c:313:13:MX_CRC_Init	8	static
../Core/Src/main.c:344:13:MX_DMA2D_Init	8	static
../Core/Src/main.c:383:13:MX_DSIHOST_DSI_Init	176	static
../Core/Src/main.c:498:6:MX_I2C4_Init	8	static
../Core/Src/main.c:546:13:MX_JPEG_Init	8	static
../Core/Src/main.c:572:13:MX_LTDC_Init	120	static
../Core/Src/main.c:675:13:MX_QUADSPI_Init	8	static
../Core/Src/main.c:744:13:MX_SPI1_Init	8	static
../Core/Src/main.c:784:13:MX_USART2_UART_Init	8	static
../Core/Src/main.c:817:13:MX_DMA_Init	16	static
../Core/Src/main.c:834:13:MX_FMC_Init	56	static
../Core/Src/main.c:892:13:MX_GPIO_Init	72	static
../Core/Src/main.c:978:13:BSP_SDRAM_Initialization_Sequence	24	static
../Core/Src/main.c:1039:16:QSPI_ResetMemory	104	static
../Core/Src/main.c:1199:16:QSPI_EnterMemory_QPI	96	static
../Core/Src/main.c:1247:16:QSPI_EnterFourBytesAddress	72	static
../Core/Src/main.c:1288:16:QSPI_DummyCyclesCfg	88	static,ignoring_inline_asm
../Core/Src/main.c:1385:16:QSPI_OutDrvStrengthCfg	88	static,ignoring_inline_asm
../Core/Src/main.c:1479:16:QSPI_WriteEnable	96	static
../Core/Src/main.c:1525:16:QSPI_AutoPollingMemReady	96	static
../Core/Src/main.c:1560:16:BSP_QSPI_EnableMemoryMappedMode	80	static
../Core/Src/main.c:1598:6:StartDefaultTask	16	static
../Core/Src/main.c:1610:6:MPU_Config	24	static
../Core/Src/main.c:1687:6:HAL_TIM_PeriodElapsedCallback	16	static
../Core/Src/main.c:1704:6:Error_Handler	4	static
