/Users/jeremy/Projects/STM/UOSM-Dashboard-MCU-F769NI/Core/Src/main.c:1504:6:StartDefaultTask	8	static
/Users/jeremy/Projects/STM/UOSM-Dashboard-MCU-F769NI/Core/Src/main.c:1385:16:QSPI_WriteEnable.constprop	88	static
/Users/jeremy/Projects/STM/UOSM-Dashboard-MCU-F769NI/Core/Src/main.c:258:6:SystemClock_Config	88	static
/Users/jeremy/Projects/STM/UOSM-Dashboard-MCU-F769NI/Core/Src/main.c:497:6:MX_I2C4_Init	16	static
/Users/jeremy/Projects/STM/UOSM-Dashboard-MCU-F769NI/Core/Src/main.c:153:5:main	248	static,ignoring_inline_asm
/Users/jeremy/Projects/STM/UOSM-Dashboard-MCU-F769NI/Core/Src/main.c:1593:6:HAL_TIM_PeriodElapsedCallback	0	static
/Users/jeremy/Projects/STM/UOSM-Dashboard-MCU-F769NI/Core/Src/main.c:1610:6:Error_Handler	0	static
